Godot Engine v4.7.2.stable.official.ed1daf0bf - https://godotengine.org
OpenGL API 4.1 Metal - 90.5 - Compatibility - Using Device: Apple - Apple M4 Pro

THUMBNAIL_PILOT_OK ep00_intro a
THUMBNAIL_PILOT_OK ep00_intro b
THUMBNAIL_PILOT_OK ep01_my_bestfriend_had_a_crush_on_me a
THUMBNAIL_PILOT_OK ep01_my_bestfriend_had_a_crush_on_me b
THUMBNAIL_PILOT_OK ep00_introduction a
THUMBNAIL_PILOT_OK ep00_introduction b
THUMBNAIL_PILOT_OK ep01_cat a
THUMBNAIL_PILOT_OK ep01_cat b
THUMBNAIL_PILOT_OK ep02_partner a
THUMBNAIL_PILOT_OK ep02_partner b
THUMBNAIL_PILOT_OK ep03_scolded a
THUMBNAIL_PILOT_OK ep03_scolded b
THUMBNAIL_PILOT_OK ep04_scared a
THUMBNAIL_PILOT_OK ep04_scared b
THUMBNAIL_PILOT_OK ep05_celebration a
THUMBNAIL_PILOT_OK ep05_celebration b
THUMBNAIL_PILOT_OK ep06_how_i_animate a
THUMBNAIL_PILOT_OK ep06_how_i_animate b
THUMBNAIL_PILOT_OK ep07_zero_marks a
THUMBNAIL_PILOT_OK ep07_zero_marks b
THUMBNAIL_PILOT_OK ep08_forced_bf_channel a
THUMBNAIL_PILOT_OK ep08_forced_bf_channel b
THUMBNAIL_PILOT_OK ep09_sf_accident a
THUMBNAIL_PILOT_OK ep09_sf_accident b
THUMBNAIL_BATCH_OK 24
