{
  "movie": "shorts/nemi/renders/Nemi-QuickSketch_r7.mp4",
  "hash": "b3c8fac26c6d039e0f485c99d7e081b6ae431641b2474a83eceeeee61ac1f776",
  "method": "48kHz mono-average decode; least-squares exact known-source stems against actual raw AAC mix, same scheduled times. Numeric detection, not listening.",
  "reconstructionCorrelation": 0.9976695422520508,
  "residualRms": 0.0027651380931824183,
  "rawDelaySeconds": 0.042666669929296464,
  "finalDelaySeconds": -4.9374075985546846e-09,
  "stems": [
    {
      "id": "music",
      "kind": "music",
      "at": 0,
      "duration": 11,
      "gainDb": -15,
      "encoderScheduledAt": 0,
      "encoderSourceStart": 0,
      "scheduleRoundingMs": 0,
      "rawMixCoefficient": 0.9786,
      "sourceAtExpectedTimeDetected": true,
      "stemRmsDbFS": -29.84
    },
    {
      "id": "sketch_01",
      "kind": "dialogue",
      "at": 0.16666666666666666,
      "duration": 1.7666666666666666,
      "gainDb": -2,
      "encoderScheduledAt": 0.167,
      "encoderSourceStart": 0,
      "scheduleRoundingMs": 0.3333,
      "rawMixCoefficient": 0.9973,
      "sourceAtExpectedTimeDetected": true,
      "stemRmsDbFS": -38.87
    },
    {
      "id": "sketch_02",
      "kind": "dialogue",
      "at": 6.1,
      "duration": 1.1333333333333333,
      "gainDb": -2,
      "encoderScheduledAt": 6.1,
      "encoderSourceStart": 0,
      "scheduleRoundingMs": 0.0,
      "rawMixCoefficient": 0.9988,
      "sourceAtExpectedTimeDetected": true,
      "stemRmsDbFS": -33.31
    },
    {
      "id": "draw-pop",
      "kind": "sfx",
      "at": 2.033333333333333,
      "duration": 0.36666666666666664,
      "gainDb": -11,
      "encoderScheduledAt": 2.033,
      "encoderSourceStart": 0.1,
      "scheduleRoundingMs": -0.3333,
      "rawMixCoefficient": 0.9996,
      "sourceAtExpectedTimeDetected": true,
      "stemRmsDbFS": -50.33
    },
    {
      "id": "stylus-wipe",
      "kind": "sfx",
      "at": 3.6333333333333333,
      "duration": 0.4666666666666667,
      "gainDb": -14,
      "encoderScheduledAt": 3.633,
      "encoderSourceStart": 0.1,
      "scheduleRoundingMs": -0.3333,
      "rawMixCoefficient": 0.9993,
      "sourceAtExpectedTimeDetected": true,
      "stemRmsDbFS": -46.05
    },
    {
      "id": "morning-ping",
      "kind": "sfx",
      "at": 5.2,
      "duration": 0.8,
      "gainDb": -7,
      "encoderScheduledAt": 5.2,
      "encoderSourceStart": 0.3,
      "scheduleRoundingMs": 0.0,
      "rawMixCoefficient": 0.9984,
      "sourceAtExpectedTimeDetected": true,
      "stemRmsDbFS": -51.98
    }
  ],
  "asr": [
    {
      "id": "sketch_01",
      "expected": "Just a quick sketch.",
      "proposal": " Just a quick sketch.",
      "words": [
        {
          "word": " Just",
          "start": 0.0,
          "end": 0.42,
          "probability": 0.529296875
        },
        {
          "word": " a",
          "start": 0.42,
          "end": 0.78,
          "probability": 0.97802734375
        },
        {
          "word": " quick",
          "start": 0.78,
          "end": 1.16,
          "probability": 0.99169921875
        },
        {
          "word": " sketch.",
          "start": 1.16,
          "end": 1.5,
          "probability": 0.9921875
        }
      ],
      "note": "Cached tiny-model text proposal from actual encoded mix; not phoneme or human listening verification."
    },
    {
      "id": "sketch_02",
      "expected": "Why is it tomorrow?",
      "proposal": " Why is it tomorrow?",
      "words": [
        {
          "word": " Why",
          "start": 0.0,
          "end": 0.38,
          "probability": 0.6982421875
        },
        {
          "word": " is",
          "start": 0.38,
          "end": 0.52,
          "probability": 0.951171875
        },
        {
          "word": " it",
          "start": 0.52,
          "end": 0.62,
          "probability": 0.95263671875
        },
        {
          "word": " tomorrow?",
          "start": 0.62,
          "end": 0.9,
          "probability": 0.99755859375
        }
      ],
      "note": "Cached tiny-model text proposal from actual encoded mix; not phoneme or human listening verification."
    }
  ]
}
